Graph has V=3 and E=3
V    Connected to
--   ------------
0    1 2
1    0 2
2    0 1

> v=0 vis: [0]=0 [1]=0 [2]=0 
edge 0-1
v=1 vis: [0]=1 [1]=0 [2]=0 
edge 1-0
edge 1-2
v=2 vis: [0]=1 [1]=1 [2]=0 
edge 2-0
Cycle

Graph has V=3 and E=3
V    Connected to
--   ------------
0    1 2
1    0 2
2    0 1

> 
Graph has V=3 and E=2
V    Connected to
--   ------------
0    1 2
1    0
2    0

> v=0 vis: [0]=0 [1]=0 [2]=0 
edge 0-1
v=1 vis: [0]=1 [1]=0 [2]=0 
edge 1-0
No cycle

Graph has V=3 and E=2
V    Connected to
--   ------------
0    1 2
1    0
2    0

> 
Graph has V=3 and E=3
V    Connected to
--   ------------
0    1 2
1    0 2
2    0 1

> v=0 vis: [0]=0 [1]=0 [2]=0 
edge 0-1
v=1 vis: [0]=1 [1]=0 [2]=0 
edge 1-0
edge 1-2
v=2 vis: [0]=1 [1]=1 [2]=0 
edge 2-0
Cycle

Graph has V=3 and E=3
V    Connected to
--   ------------
0    1 2
1    0 2
2    0 1

> 