V    Connected to
--   ------------
0    1
1    2
2    -
3    4
4    5
5    3

Graph is not a tree
