V    Connected to
--   ------------
0    1
1    2
2    0

Graph is not a tree
